
> @figma/my-make-file@0.0.1 build
> vite build

[36mvite v6.3.5 [32mbuilding for production...[36m[39m
transforming...
[32mΓ£ô[39m 2551 modules transformed.
node.exe : runtime: VirtualAlloc of 57344 bytes failed with errno=1455
At C:\Program Files\nodejs\npm.ps1:29 char:3
+   & $NODE_EXE $NPM_CLI_JS $args
+   ~~~~~~~~~~~~~~~~~~~~~~~~~~~~~
    + CategoryInfo          : NotSpecified: (runtime: Virtua...with errno=1455 
   :String) [], RemoteException
    + FullyQualifiedErrorId : NativeCommandError
 
fatal error: out of memory

runtime stack:
runtime.throw({0x12976e2?, 0xc003a4a000?})
	runtime/panic.go:1073 +0x4d fp=0x399a9ff540 sp=0x399a9ff510 pc=0xcdf4cd
runtime.sysUsedOS(0xc003a4a000, 0xe000)
	runtime/mem_windows.go:83 +0x1bb fp=0x399a9ff5a0 sp=0x399a9ff540 pc=0xc84abb
runtime.sysUsed(...)
	runtime/mem.go:77
runtime.(*mheap).allocSpan(0x1670fc0, 0x7, 0x0, 0x0)
	runtime/mheap.go:1345 +0x487 fp=0x399a9ff648 sp=0x399a9ff5a0 pc=0xc971e7
runtime.(*mheap).alloc.func1()
	runtime/mheap.go:962 +0x5c fp=0x399a9ff690 sp=0x399a9ff648 pc=0xc9699c
runtime.systemstack(0xc000086000)
	runtime/asm_amd64.s:514 +0x49 fp=0x399a9ff6a0 sp=0x399a9ff690 pc=0xce5709

goroutine 1661 gp=0xc00080a1c0 m=5 mp=0xc000080008 [running]:
runtime.systemstack_switch()
	runtime/asm_amd64.s:479 +0x8 fp=0xc0005aa980 sp=0xc0005aa970 pc=0xce56a8
runtime.(*mheap).alloc(0xe000?, 0x7?, 0x20?)
	runtime/mheap.go:956 +0x5b fp=0xc0005aa9c8 sp=0xc0005aa980 pc=0xc968fb
runtime.(*mcache).allocLarge(0x40?, 0xdff8, 0x0)
	runtime/mcache.go:234 +0x87 fp=0xc0005aaa18 sp=0xc0005aa9c8 pc=0xc838a7
runtime.mallocgc(0xdff8, 0x1248240, 0x1)
	runtime/malloc.go:1177 +0x5d0 fp=0xc0005aaab8 sp=0xc0005aaa18 pc=0xcda9b0
runtime.growslice(0xc003a38000, 0xc00156dc80?, 0x3a2000000001?, 0x32000?, 
0x1248240)
	runtime/slice.go:272 +0x55d fp=0xc0005aab28 sp=0xc0005aaab8 pc=0xce13bd
github.com/evanw/esbuild/internal/renamer.(*MinifyRenamer).AllocateTopLevelSymb
olSlots(0xc001566990, {0xc003a06000?, 0x0?, 0x7?})
	github.com/evanw/esbuild/internal/renamer/renamer.go:251 +0x1e5 
fp=0xc0005aabb8 sp=0xc0005aab28 pc=0xfb7725
github.com/evanw/esbuild/internal/linker.(*linkerContext).renameSymbolsInChunk(
0xc0009cec60, 0xc0009cf340, {0xc003868570, 0x2, 0xc0005ab3b8?}, 0x0)
	github.com/evanw/esbuild/internal/linker/linker.go:5425 +0x2855 
fp=0xc0005ab208 sp=0xc0005aabb8 pc=0x114fbb5
github.com/evanw/esbuild/internal/linker.(*linkerContext).generateChunkJS(0xc00
09cec60, 0x1?, 0xc003868850)
	github.com/evanw/esbuild/internal/linker/linker.go:5575 +0x5d7 
fp=0xc0005abfb8 sp=0xc0005ab208 pc=0x1151137
github.com/evanw/esbuild/internal/linker.(*linkerContext).generateChunksInParal
lel.gowrap2()
	github.com/evanw/esbuild/internal/linker/linker.go:618 +0x28 fp=0xc0005abfe0 
sp=0xc0005abfb8 pc=0x11278e8
runtime.goexit({})
	runtime/asm_amd64.s:1700 +0x1 fp=0xc0005abfe8 sp=0xc0005abfe0 pc=0xce76c1
created by github.com/evanw/esbuild/internal/linker.(*linkerContext).generateCh
unksInParallel in goroutine 1812
	github.com/evanw/esbuild/internal/linker/linker.go:618 +0x305

goroutine 1 gp=0xc000054000 m=9 mp=0xc000910008 [syscall]:
runtime.cgocall(0xce8ea0, 0xc000910348)
	runtime/cgocall.go:167 +0x3e fp=0xc000149ab0 sp=0xc000149a48 pc=0xcd9b1e
runtime.syscall_syscalln(0xc000910008?, 0xc0006ca120?, {0xc000149af8?, 
0xc000149b20?, 0xcb4f1f?})
	runtime/syscall_windows.go:521 +0x4e fp=0xc000149ad0 sp=0xc000149ab0 
pc=0xcc742e
syscall.Syscall6(0xc0001163f0?, 0xe?, 0x7?, 0xc000149b90?, 0xe00c8ff45?, 
0x16afea0?, 0x8e3540?, 0xc000149bb0?)
	runtime/syscall_windows.go:463 +0x38 fp=0xc000149b38 sp=0xc000149ad0 
pc=0xce3398
syscall.readFile(0x2a0, {0xc00012e000?, 0x4000, 0xd3b37f?}, 0xc000149c68?, 
0x800000?)
	syscall/zsyscall_windows.go:1019 +0x8b fp=0xc000149ba8 sp=0xc000149b38 
pc=0xd220cb
syscall.ReadFile(...)
	syscall/syscall_windows.go:446
syscall.Read(0xc0000bc008?, {0xc00012e000?, 0x10?, 0x0?})
	syscall/syscall_windows.go:425 +0x2d fp=0xc000149c00 sp=0xc000149ba8 
pc=0xd1e7ed
internal/poll.(*FD).Read(0xc0000bc008, {0xc00012e000, 0x4000, 0x4000})
	internal/poll/fd_windows.go:424 +0x1b9 fp=0xc000149ca8 sp=0xc000149c00 
pc=0xd3cad9
os.(*File).read(...)
	os/file_posix.go:29
os.(*File).Read(0xc0000940b0, {0xc00012e000?, 0x4000?, 0x4000?})
	os/file.go:124 +0x52 fp=0xc000149ce8 sp=0xc000149ca8 pc=0xd41632
main.runService(0x1)
	github.com/evanw/esbuild/cmd/esbuild/service.go:134 +0x37e fp=0xc000149e10 
sp=0xc000149ce8 pc=0x11ae25e
main.main()
	github.com/evanw/esbuild/cmd/esbuild/main.go:252 +0xb8b fp=0xc000149f50 
sp=0xc000149e10 pc=0x11aca4b
runtime.main()
	runtime/proc.go:272 +0x27d fp=0xc000149fe0 sp=0xc000149f50 pc=0xcab57d
runtime.goexit({})
	runtime/asm_amd64.s:1700 +0x1 fp=0xc000149fe8 sp=0xc000149fe0 pc=0xce76c1

goroutine 2 gp=0xc000054700 m=nil [force gc (idle)]:
runtime.gopark(0x0?, 0x0?, 0x0?, 0x0?, 0x0?)
	runtime/proc.go:424 +0xce fp=0xc000057fa8 sp=0xc000057f88 pc=0xcdf5ee
runtime.goparkunlock(...)
	runtime/proc.go:430
runtime.forcegchelper()
	runtime/proc.go:337 +0xb8 fp=0xc000057fe0 sp=0xc000057fa8 pc=0xcab898
runtime.goexit({})
	runtime/asm_amd64.s:1700 +0x1 fp=0xc000057fe8 sp=0xc000057fe0 pc=0xce76c1
created by runtime.init.7 in goroutine 1
	runtime/proc.go:325 +0x1a

goroutine 3 gp=0xc000054a80 m=nil [GC sweep wait]:
runtime.gopark(0x1?, 0x0?, 0x0?, 0x0?, 0x0?)
	runtime/proc.go:424 +0xce fp=0xc000059f80 sp=0xc000059f60 pc=0xcdf5ee
runtime.goparkunlock(...)
	runtime/proc.go:430
runtime.bgsweep(0xc000028100)
	runtime/mgcsweep.go:317 +0xdf fp=0xc000059fc8 sp=0xc000059f80 pc=0xc9323f
runtime.gcenable.gowrap1()
	runtime/mgc.go:204 +0x25 fp=0xc000059fe0 sp=0xc000059fc8 pc=0xc87925
runtime.goexit({})
	runtime/asm_amd64.s:1700 +0x1 fp=0xc000059fe8 sp=0xc000059fe0 pc=0xce76c1
created by runtime.gcenable in goroutine 1
	runtime/mgc.go:204 +0x66

goroutine 4 gp=0xc000054c40 m=nil [GC scavenge wait]:
runtime.gopark(0x23887c?, 0x42c1d800?, 0x0?, 0x0?, 0x0?)
	runtime/proc.go:424 +0xce fp=0xc000069f78 sp=0xc000069f58 pc=0xcdf5ee
runtime.goparkunlock(...)
	runtime/proc.go:430
runtime.(*scavengerState).park(0x1666be0)
	runtime/mgcscavenge.go:425 +0x49 fp=0xc000069fa8 sp=0xc000069f78 pc=0xc90c29
runtime.bgscavenge(0xc000028100)
	runtime/mgcscavenge.go:658 +0x59 fp=0xc000069fc8 sp=0xc000069fa8 pc=0xc911b9
runtime.gcenable.gowrap2()
	runtime/mgc.go:205 +0x25 fp=0xc000069fe0 sp=0xc000069fc8 pc=0xc878c5
runtime.goexit({})
	runtime/asm_amd64.s:1700 +0x1 fp=0xc000069fe8 sp=0xc000069fe0 pc=0xce76c1
created by runtime.gcenable in goroutine 1
	runtime/mgc.go:205 +0xa5

goroutine 18 gp=0xc0000861c0 m=nil [finalizer wait]:
runtime.gopark(0x0?, 0x0?, 0x0?, 0x0?, 0x0?)
	runtime/proc.go:424 +0xce fp=0xc000065e20 sp=0xc000065e00 pc=0xcdf5ee
runtime.runfinq()
	runtime/mfinal.go:193 +0x107 fp=0xc000065fe0 sp=0xc000065e20 pc=0xc869e7
runtime.goexit({})
	runtime/asm_amd64.s:1700 +0x1 fp=0xc000065fe8 sp=0xc000065fe0 pc=0xce76c1
created by runtime.createfing in goroutine 1
	runtime/mfinal.go:163 +0x3d

goroutine 19 gp=0xc0000f16c0 m=nil [chan receive]:
runtime.gopark(0xc000067f60?, 0xe36085?, 0x80?, 0xb9?, 0x1386540?)
	runtime/proc.go:424 +0xce fp=0xc000067f18 sp=0xc000067ef8 pc=0xcdf5ee
runtime.chanrecv(0xc000088150, 0x0, 0x1)
	runtime/chan.go:639 +0x41e fp=0xc000067f90 sp=0xc000067f18 pc=0xc770de
runtime.chanrecv1(0x0?, 0x0?)
	runtime/chan.go:489 +0x12 fp=0xc000067fb8 sp=0xc000067f90 pc=0xc76c92
runtime.unique_runtime_registerUniqueMapCleanup.func1(...)
	runtime/mgc.go:1782
runtime.unique_runtime_registerUniqueMapCleanup.gowrap1()
	runtime/mgc.go:1785 +0x2f fp=0xc000067fe0 sp=0xc000067fb8 pc=0xc8a8cf
runtime.goexit({})
	runtime/asm_amd64.s:1700 +0x1 fp=0xc000067fe8 sp=0xc000067fe0 pc=0xce76c1
created by unique.runtime_registerUniqueMapCleanup in goroutine 1
	runtime/mgc.go:1780 +0x96

goroutine 20 gp=0xc0000f1880 m=nil [chan receive]:
runtime.gopark(0x0?, 0xc000180060?, 0x0?, 0x0?, 0xc000026940?)
	runtime/proc.go:424 +0xce fp=0xc00005bee0 sp=0xc00005bec0 pc=0xcdf5ee
runtime.chanrecv(0xc0000881c0, 0xc00005bfb0, 0x1)
	runtime/chan.go:639 +0x41e fp=0xc00005bf58 sp=0xc00005bee0 pc=0xc770de
runtime.chanrecv2(0xc0000940b8?, 0xc000026940?)
	runtime/chan.go:494 +0x12 fp=0xc00005bf80 sp=0xc00005bf58 pc=0xc76cb2
main.runService.func1()
	github.com/evanw/esbuild/cmd/esbuild/service.go:98 +0x45 fp=0xc00005bfe0 
sp=0xc00005bf80 pc=0x11ae705
runtime.goexit({})
	runtime/asm_amd64.s:1700 +0x1 fp=0xc00005bfe8 sp=0xc00005bfe0 pc=0xce76c1
created by main.runService in goroutine 1
	github.com/evanw/esbuild/cmd/esbuild/service.go:97 +0x1db

goroutine 21 gp=0xc0000f1a40 m=nil [sleep]:
runtime.gopark(0x53a60b57ada0?, 0xc0006ca0f0?, 0x40?, 0x69?, 0x21?)
	runtime/proc.go:424 +0xce fp=0xc000137f68 sp=0xc000137f48 pc=0xcdf5ee
time.Sleep(0x3b9aca00)
	runtime/time.go:300 +0xf7 fp=0xc000137fa0 sp=0xc000137f68 pc=0xce3537
main.runService.func3()
	github.com/evanw/esbuild/cmd/esbuild/service.go:124 +0x48 fp=0xc000137fe0 
sp=0xc000137fa0 pc=0x11ae5e8
runtime.goexit({})
	runtime/asm_amd64.s:1700 +0x1 fp=0xc000137fe8 sp=0xc000137fe0 pc=0xce76c1
created by main.runService in goroutine 1
	github.com/evanw/esbuild/cmd/esbuild/service.go:122 +0x30b

goroutine 51 gp=0xc0001fc000 m=nil [GC worker (idle)]:
runtime.gopark(0x53a6265152f0?, 0x3?, 0x80?, 0xf7?, 0x0?)
	runtime/proc.go:424 +0xce fp=0xc00006bf38 sp=0xc00006bf18 pc=0xcdf5ee
runtime.gcBgMarkWorker(0xc0003462a0)
	runtime/mgc.go:1412 +0xe9 fp=0xc00006bfc8 sp=0xc00006bf38 pc=0xc89bc9
runtime.gcBgMarkStartWorkers.gowrap1()
	runtime/mgc.go:1328 +0x25 fp=0xc00006bfe0 sp=0xc00006bfc8 pc=0xc89aa5
runtime.goexit({})
	runtime/asm_amd64.s:1700 +0x1 fp=0xc00006bfe8 sp=0xc00006bfe0 pc=0xce76c1
created by runtime.gcBgMarkStartWorkers in goroutine 12
	runtime/mgc.go:1328 +0x105

goroutine 54 gp=0xc0000f1dc0 m=nil [GC worker (idle)]:
runtime.gopark(0x53a6265987b8?, 0x3?, 0x80?, 0x95?, 0xc000141fa0?)
	runtime/proc.go:424 +0xce fp=0xc000141f38 sp=0xc000141f18 pc=0xcdf5ee
runtime.gcBgMarkWorker(0xc0003462a0)
	runtime/mgc.go:1412 +0xe9 fp=0xc000141fc8 sp=0xc000141f38 pc=0xc89bc9
runtime.gcBgMarkStartWorkers.gowrap1()
	runtime/mgc.go:1328 +0x25 fp=0xc000141fe0 sp=0xc000141fc8 pc=0xc89aa5
runtime.goexit({})
	runtime/asm_amd64.s:1700 +0x1 fp=0xc000141fe8 sp=0xc000141fe0 pc=0xce76c1
created by runtime.gcBgMarkStartWorkers in goroutine 12
	runtime/mgc.go:1328 +0x105

goroutine 52 gp=0xc000144000 m=nil [GC worker (idle)]:
runtime.gopark(0x53a6265987b8?, 0xc00027a280?, 0x1a?, 0xa?, 0x0?)
	runtime/proc.go:424 +0xce fp=0xc000143f38 sp=0xc000143f18 pc=0xcdf5ee
runtime.gcBgMarkWorker(0xc0003462a0)
	runtime/mgc.go:1412 +0xe9 fp=0xc000143fc8 sp=0xc000143f38 pc=0xc89bc9
runtime.gcBgMarkStartWorkers.gowrap1()
	runtime/mgc.go:1328 +0x25 fp=0xc000143fe0 sp=0xc000143fc8 pc=0xc89aa5
runtime.goexit({})
	runtime/asm_amd64.s:1700 +0x1 fp=0xc000143fe8 sp=0xc000143fe0 pc=0xce76c1
created by runtime.gcBgMarkStartWorkers in goroutine 12
	runtime/mgc.go:1328 +0x105

goroutine 53 gp=0xc0001441c0 m=nil [GC worker (idle)]:
runtime.gopark(0x16afea0?, 0x3?, 0x7c?, 0xf7?, 0xc00013dfa0?)
	runtime/proc.go:424 +0xce fp=0xc00013df38 sp=0xc00013df18 pc=0xcdf5ee
runtime.gcBgMarkWorker(0xc0003462a0)
	runtime/mgc.go:1412 +0xe9 fp=0xc00013dfc8 sp=0xc00013df38 pc=0xc89bc9
runtime.gcBgMarkStartWorkers.gowrap1()
	runtime/mgc.go:1328 +0x25 fp=0xc00013dfe0 sp=0xc00013dfc8 pc=0xc89aa5
runtime.goexit({})
	runtime/asm_amd64.s:1700 +0x1 fp=0xc00013dfe8 sp=0xc00013dfe0 pc=0xce76c1
created by runtime.gcBgMarkStartWorkers in goroutine 12
	runtime/mgc.go:1328 +0x105

goroutine 1656 gp=0xc000aece00 m=nil [runnable]:
runtime.asyncPreempt2()
	runtime/preempt.go:308 +0x39 fp=0xc001093cd8 sp=0xc001093cb8 pc=0xcaa0f9
runtime.asyncPreempt()
	runtime/preempt_amd64.s:53 +0xdb fp=0xc001093e60 sp=0xc001093cd8 pc=0xce8c3b
github.com/evanw/esbuild/internal/helpers.internalQuote({0xc001a56000, 
0x2d0aa2}, 0x0, 0x22)
	github.com/evanw/esbuild/internal/helpers/quote.go:50 +0x40 fp=0xc001093ef8 
sp=0xc001093e60 pc=0xdb2340
github.com/evanw/esbuild/internal/helpers.QuoteForJSON(...)
	github.com/evanw/esbuild/internal/helpers/quote.go:25
github.com/evanw/esbuild/internal/bundler.(*Bundle).computeDataForSourceMapsInP
arallel.func2(0x0?, 0xc001709e50, 0xded88?)
	github.com/evanw/esbuild/internal/bundler/bundler.go:3218 +0x1a5 
fp=0xc001093fb8 sp=0xc001093ef8 pc=0x10d9145
github.com/evanw/esbuild/internal/bundler.(*Bundle).computeDataForSourceMapsInP
arallel.gowrap1()
	github.com/evanw/esbuild/internal/bundler/bundler.go:3244 +0x2a 
fp=0xc001093fe0 sp=0xc001093fb8 pc=0x10d8f6a
runtime.goexit({})
	runtime/asm_amd64.s:1700 +0x1 fp=0xc001093fe8 sp=0xc001093fe0 pc=0xce76c1
created by github.com/evanw/esbuild/internal/bundler.(*Bundle).computeDataForSo
urceMapsInParallel in goroutine 1812
	github.com/evanw/esbuild/internal/bundler/bundler.go:3211 +0x231

goroutine 1812 gp=0xc000dff180 m=nil [semacquire]:
runtime.gopark(0x0?, 0x8?, 0x80?, 0xe7?, 0xc0009cec60?)
	runtime/proc.go:424 +0xce fp=0xc000157960 sp=0xc000157940 pc=0xcdf5ee
runtime.goparkunlock(...)
	runtime/proc.go:430
runtime.semacquire1(0xc003868858, 0x0, 0x1, 0x0, 0x12)
	runtime/sema.go:178 +0x232 fp=0xc0001579c8 sp=0xc000157960 pc=0xcbe652
sync.runtime_Semacquire(0x11241c0?)
	runtime/sema.go:71 +0x25 fp=0xc000157a00 sp=0xc0001579c8 pc=0xce0685
sync.(*WaitGroup).Wait(0xc0009cec60?)
	sync/waitgroup.go:118 +0x48 fp=0xc000157a28 sp=0xc000157a00 pc=0xd011e8
github.com/evanw/esbuild/internal/linker.(*linkerContext).generateChunksInParal
lel(0xc0009cec60, {0x0, 0x0, 0x8?})
	github.com/evanw/esbuild/internal/linker/linker.go:624 +0x417 fp=0xc000157d00 
sp=0xc000157a28 pc=0x11247f7
github.com/evanw/esbuild/internal/linker.Link(0xc00322c008, 0x0, 
{0xc00307c4c0, 0xc003077110, 0xc000726078, 0xc00053e060, 0x6, 0xc0001d0000}, 
{0x13820b0, 0xc0003623c0}, ...)
	github.com/evanw/esbuild/internal/linker/linker.go:349 +0x11ba 
fp=0xc0001580b0 sp=0xc000157d00 pc=0x112193a
github.com/evanw/esbuild/internal/bundler.(*Bundle).Compile(0xc0003b8408, 
{0xc000198000, 0xc000726060, 0xc000726078, 0xc00053e060, 0x6, 0xc0001d0000}, 
0x0, 0x0, 0x12dd8a8)
	github.com/evanw/esbuild/internal/bundler/bundler.go:3022 +0x9c7 
fp=0xc000158688 sp=0xc0001580b0 pc=0x10d6c87
github.com/evanw/esbuild/pkg/api.transformImpl({_, _}, {0x0, 0x0, 0x0, 
0xc0001d0f90, 0x0, 0x3, {0x0, 0x0}, ...})
	github.com/evanw/esbuild/pkg/api/api_impl.go:1806 +0x14c5 fp=0xc0001599a0 
sp=0xc000158688 pc=0x11761a5
github.com/evanw/esbuild/pkg/api.Transform(...)
	github.com/evanw/esbuild/pkg/api/api.go:477
main.(*serviceType).handleTransformRequest(0xc0001d0c00?, 0x73, 0xc0006ca060)
	github.com/evanw/esbuild/cmd/esbuild/service.go:1179 +0x338 fp=0xc000159f60 
sp=0xc0001599a0 pc=0x11b9138
main.(*serviceType).handleIncomingPacket.func3()
	github.com/evanw/esbuild/cmd/esbuild/service.go:242 +0x57 fp=0xc000159fe0 
sp=0xc000159f60 pc=0x11b3037
runtime.goexit({})
	runtime/asm_amd64.s:1700 +0x1 fp=0xc000159fe8 sp=0xc000159fe0 pc=0xce76c1
created by main.(*serviceType).handleIncomingPacket in goroutine 1
	github.com/evanw/esbuild/cmd/esbuild/service.go:240 +0x1785
[31mΓ£ù[39m Build failed in 14.41s
[31merror during build:
[31m[vite:esbuild-transpile] The service was stopped[31m
    at C:\Users\23470\Desktop\cbtfront\node_modules\esbuild\lib\main.js:718:38
    at responseCallbacks.<computed> 
(C:\Users\23470\Desktop\cbtfront\node_modules\esbuild\lib\main.js:603:9)
    at Socket.afterClose 
(C:\Users\23470\Desktop\cbtfront\node_modules\esbuild\lib\main.js:594:28)
    at Socket.emit (node:events:530:35)
    at endReadableNT (node:internal/streams/readable:1698:12)
    at process.processTicksAndRejections 
(node:internal/process/task_queues:90:21)[39m
